// Jest Snapshot v1, https://goo.gl/fbAQLP

exports[`Folder should render correctly 1`] = `
ShallowWrapper {
  "length": 1,
  Symbol(enzyme.__root__): [Circular],
  Symbol(enzyme.__unrendered__): <Folder
    icon={
      Object {
        "props": Object {
          "size": 16,
        },
      }
    }
    name="test"
  />,
  Symbol(enzyme.__renderer__): Object {
    "batchedUpdates": [Function],
    "getNode": [Function],
    "render": [Function],
    "simulateEvent": [Function],
    "unmount": [Function],
  },
  Symbol(enzyme.__node__): Object {
    "instance": null,
    "key": undefined,
    "nodeType": "class",
    "props": Object {
      "children": Array [
        <Folder__Icon>
          Object {
            "props": Object {
              "size": 16,
            },
          }
        </Folder__Icon>,
        <Folder__Name>
          test
        </Folder__Name>,
      ],
    },
    "ref": null,
    "rendered": Array [
      Object {
        "instance": null,
        "key": undefined,
        "nodeType": "class",
        "props": Object {
          "children": Object {
            "props": Object {
              "size": 16,
            },
          },
        },
        "ref": null,
        "rendered": Object {
          "props": Object {
            "size": 16,
          },
        },
        "type": [Function],
      },
      Object {
        "instance": null,
        "key": undefined,
        "nodeType": "class",
        "props": Object {
          "children": "test",
        },
        "ref": null,
        "rendered": "test",
        "type": [Function],
      },
    ],
    "type": [Function],
  },
  Symbol(enzyme.__nodes__): Array [
    Object {
      "instance": null,
      "key": undefined,
      "nodeType": "class",
      "props": Object {
        "children": Array [
          <Folder__Icon>
            Object {
              "props": Object {
                "size": 16,
              },
            }
          </Folder__Icon>,
          <Folder__Name>
            test
          </Folder__Name>,
        ],
      },
      "ref": null,
      "rendered": Array [
        Object {
          "instance": null,
          "key": undefined,
          "nodeType": "class",
          "props": Object {
            "children": Object {
              "props": Object {
                "size": 16,
              },
            },
          },
          "ref": null,
          "rendered": Object {
            "props": Object {
              "size": 16,
            },
          },
          "type": [Function],
        },
        Object {
          "instance": null,
          "key": undefined,
          "nodeType": "class",
          "props": Object {
            "children": "test",
          },
          "ref": null,
          "rendered": "test",
          "type": [Function],
        },
      ],
      "type": [Function],
    },
  ],
  Symbol(enzyme.__options__): Object {
    "adapter": ReactSixteenAdapter {
      "options": Object {
        "enableComponentDidUpdateOnSetState": true,
      },
    },
  },
}
`;
